0 -1 3 3 3 3 3 3 3 3 3 2 1 0 0
1 0 2 6 6 6 6 5 4 4 4 3 1 1 0
3 2 6 6 6 6 6 5 5 5 5 4 2 1 0
4 0 3 8 8 8 8 7 6 6 6 5 2 2 0
5 3 8 8 8 8 8 7 7 7 7 6 3 2 0
6 0 4 10 10 10 10 9 8 8 8 7 3 3 0
7 4 10 10 10 10 10 9 9 9 9 8 4 3 0
8 0 5 12 12 12 12 11 10 10 10 9 4 4 0
9 5 12 12 12 12 12 11 11 11 11 10 5 4 0
10 0 6 14 14 14 14 13 12 12 12 11 5 5 0
11 6 14 14 14 14 14 13 13 13 13 12 6 5 0
12 0 7 16 16 16 16 15 14 14 14 13 6 6 0
13 7 16 16 16 16 16 15 15 15 15 14 7 6 0
12 0 8 18 18 18 18 17 16 16 16 15 7 7 0
12 0 20 20 19 19 19 19 19 18 17 15 9 8 0