680
100 -29 70 61 56 60 65 57 85 -80 -78 40 84 -92 51 23 -6 53 -53 -17 80 67 7 76 