(74.0, -100.0), (85.0, -93.0), (-66.0, 100.0), (-44.0, -98.0), (-74.0, -97.0), (56.0, 99.0), (-87.0, 70.0), (-99.0, 17.0), (-92.0, -85.0), (96.0, 98.0), (92.0, -64.0), (95.0, -51.0),