75
0001001000000010100010000000000000001000000000000000000000001000000000000001000000000000010000010000