0 -1 -1 5 0
-1 1 0 7 2
1 12 11 9 2
-1 12 -1 3 5
14 14 4 -1 5