-1 -1 -1 -1 -1 -1 -1 -1 -1 3 3 2 1 0 0
-1 -1 -1 -1 -1 -1 -1 -1 -1 4 4 3 1 1 0
-1 -1 -1 -1 -1 -1 -1 -1 -1 5 5 4 2 1 0
-1 -1 -1 -1 -1 -1 -1 -1 -1 6 6 5 2 2 0
-1 -1 -1 -1 -1 -1 -1 -1 -1 7 7 6 3 2 0
-1 -1 -1 -1 -1 -1 -1 -1 -1 8 8 7 3 3 0
-1 -1 -1 -1 -1 -1 -1 -1 -1 9 9 8 4 3 0
-1 -1 -1 -1 -1 -1 -1 -1 -1 10 10 9 4 4 0
-1 -1 -1 -1 -1 -1 -1 -1 -1 11 11 10 5 4 0
-1 -1 -1 -1 -1 -1 -1 -1 -1 12 12 11 5 5 0
-1 -1 -1 -1 -1 -1 -1 -1 -1 13 13 12 6 5 0
-1 -1 -1 -1 -1 -1 -1 -1 -1 14 14 13 6 6 0
-1 -1 -1 -1 -1 -1 -1 -1 -1 15 15 14 7 6 0
-1 -1 -1 -1 -1 -1 -1 -1 -1 16 16 15 7 7 0
-1 -1 -1 20 19 19 19 19 19 18 17 15 9 8 0