 2  2  1  1  0  0  0  0  0  0
 3  2  2  1  1  0  0 -1 -1  1
 3  2  2  1  1  1  0 -1 -1 -1
 3  3  3  3  2 -1  1 -1 -1 -1
 3  3  3  3  2 -1 -1 -1 -1 -1
 6  5  4 -1  2 -1 -1 -1 -1 -1
 7  6 -1  2  2 -1 -1 -1 -1 -1 
 8 -1 -1  3  3 -1 -1 -1 -1 -1
-1  4  4  4  4 -1 -1 -1 -1 -1
 4  4  4 -1  5 -1 -1 -1 -1 -1